
> pabackend@1.0.0 oneTest
> mocha tests/**/*.test.js --timeout 5000 --exit



  Test Dao
    1) Array?


  0 passing (5s)
  1 failing

  1) Test Dao
       Array?:
     Error: Timeout of 5000ms exceeded. For async tests and hooks, ensure "done()" is called; if returning a Promise, ensure it resolves. (/home/gambit/Dev/PABackEnd/tests/User.test.js)
      at listOnTimeout (node:internal/timers:605:17)
      at process.processTimers (node:internal/timers:541:7)



